
PCAPVCM.EXE                                                      6-NOV-2003 18:00        Linker A12-03                    Page    1

                                             +------------------------+
                                             ! Object Module Synopsis !
                                             +------------------------+

Module Name     Ident              Bytes      File                                Creation Date      Creator
-----------     -----              -----      -----                               -------------      -------
SYS$DOINIT      X-3                   580 SYS$COMMON:[SYSLIB]STARLET.OLB;3     18-JUL-2002 18:50  AMAC V4.1-11-3381U
SYS$SSDEF       V04-000                 0 SYS$COMMON:[SYSLIB]STARLET.OLB;3     18-JUL-2002 17:43  AMAC V4.1-11-3381U
PCAPVCM_INIT    X-1                     4 [SIMH.PCAP-VMS.PCAPVCM]PCAPVCM.OLB;1  6-NOV-2003 18:00  AMAC V4.1-15-3381U
PCAPVCM         X-1                  5748 [SIMH.PCAP-VMS.PCAPVCM]PCAPVCM.OLB;1  6-NOV-2003 18:00  Compaq C V6.5-001
VCI_JACKET      X-1                  1352 [SIMH.PCAP-VMS.PCAPVCM]PCAPVCM.OLB;1  6-NOV-2003 18:00  AMAC V4.1-15-3381U
VCMUTIL         V1.0                 1424 [SIMH.PCAP-VMS.PCAPVCM]PCAPVCM.OLB;1  6-NOV-2003 18:00  Compaq C V6.5-001
BUGCHECK_CODES  X-1K1                   0 VMS$VOLATILE_PRIVATE_INTERFACES.OLB  18-JUL-2002 17:43  BLISS-32E V1.9-029
SYS$BASE_IMAGE  ALPHA X9E9-R2Y          0 [SYS$LDR]SYS$BASE_IMAGE.EXE;1        18-JUL-2002 19:44  Linker A11-50

DKA100:[SIMH.PCAP-VMS.PCAPVCM]PCAPVCM.EXE;3                      6-NOV-2003 18:00        Linker A12-03                    Page    2

                                             +------------------------+
                                             ! Image Section Synopsis !
                                             +------------------------+

   Cluster      Type Pglts   Base Addr  Disk VBN PFC Protection and Paging      Global Sec. Name   Match     Majorid   Minorid
   -------      ---- -----   ---------  -------- --- ---------------------      ----------------   -----     -------   -------

NONPAGED_CODE      4     5    00000000-R        3   0 READ ONLY    EXECUTABLE

NONPAGED_DATA      4     1    00004000-R        8   0 READ WRITE   COPY ON REF

INIT               4     2    00008000-R        9   0 READ WRITE   COPY ON REF

DEFAULT_CLUSTER    2     3    0000C000-R       11   0 READ WRITE   NON-SHAREABLE ADDRESS DATA
                   3    10    00010000-R       14   0 READ ONLY    EXECUTABLE
                   2     1    00014000-R       24   0 READ WRITE   FIXUP VECTORS

SYS$BASE_IMAGE     1    81    00000000-R        0   0 READ ONLY    EXECUTABLE    SYS$BASE_IMAGE_0 EQUAL            18   1833847
                   1   373    0000C000-R        0   0 READ WRITE   COPY ON REF   SYS$BASE_IMAGE_0 EQUAL            18   1833847
                   2    11    0003C000-R        0   0 READ WRITE   FIXUP VECTORS SYS$BASE_IMAGE_0 EQUAL            18   1833847




	  Key for special characters above:
		+--------------------+
		! R  - Relocatable   !
		! P  - Protected     !
		+--------------------+

DKA100:[SIMH.PCAP-VMS.PCAPVCM]PCAPVCM.EXE;3                      6-NOV-2003 18:00        Linker A12-03                    Page    3

                                            +--------------------------+
                                            ! Program Section Synopsis !
                                            +--------------------------+

Psect Name      Module Name       Base     End           Length            Align                 Attributes
----------      -----------       ----     ---           ------            -----                 ----------

$CODE                           00000000 0000045F 00000460 (       1120.) LONG  2   PIC,CON,REL,GBL,NOSHR,  EXE,NOWRT,NOVEC,  MOD 
                VCI_JACKET      00000000 0000045F 00000460 (       1120.) LONG  2

$CODE$                          00000460 0000095F 00000500 (       1280.) OCTA  4   PIC,CON,REL,GBL,NOSHR,  EXE,NOWRT,NOVEC,  MOD 
                PCAPVCM         00000460 00000460 00000000 (          0.) OCTA  4
                VCMUTIL         00000460 00000957 000004F8 (       1272.) OCTA  4
                BUGCHECK_CODES  00000960 00000960 00000000 (          0.) OCTA  4

$$$100_DATA                     00004000 00004003 00000004 (          4.) QUAD  3   PIC,CON,REL,GBL,NOSHR,NOEXE,  WRT,NOVEC,  MOD 
                PCAPVCM_INIT    00004000 00004003 00000004 (          4.) QUAD  3

$BSS$                           00004010 0000401F 00000010 (         16.) OCTA  4   PIC,CON,REL,GBL,NOSHR,NOEXE,  WRT,NOVEC,  MOD 
                PCAPVCM         00004010 0000401F 00000010 (         16.) OCTA  4
                VCMUTIL         00004020 00004020 00000000 (          0.) OCTA  4

$DATA$                          00004020 0000402F 00000010 (         16.) OCTA  4   PIC,CON,REL,GBL,NOSHR,NOEXE,  WRT,NOVEC,  MOD 
                PCAPVCM         00004020 00004027 00000008 (          8.) OCTA  4
                VCMUTIL         00004030 00004030 00000000 (          0.) OCTA  4

$LINK$                          00004030 000040BF 00000090 (        144.) OCTA  4   PIC,CON,REL,GBL,NOSHR,NOEXE,  WRT,NOVEC,  MOD 
                PCAPVCM         00004030 00004030 00000000 (          0.) OCTA  4
                VCMUTIL         00004030 000040B7 00000088 (        136.) OCTA  4
                BUGCHECK_CODES  000040C0 000040C0 00000000 (          0.) OCTA  4

$LINKAGE                        000040C0 000041A7 000000E8 (        232.) OCTA  4   PIC,CON,REL,GBL,NOSHR,NOEXE,  WRT,NOVEC,  MOD 
                VCI_JACKET      000040C0 000041A7 000000E8 (        232.) OCTA  4

$LINKAGE$                       000041A8 000041A8 00000000 (          0.) BYTE  0   PIC,CON,REL,GBL,NOSHR,NOEXE,  WRT,NOVEC,  MOD 

$LITERAL$                       000041B0 000041B0 00000000 (          0.) OCTA  4   PIC,CON,REL,GBL,NOSHR,NOEXE,  WRT,NOVEC,  MOD 
                PCAPVCM         000041B0 000041B0 00000000 (          0.) OCTA  4
                VCMUTIL         000041B0 000041B0 00000000 (          0.) OCTA  4
                BUGCHECK_CODES  000041B0 000041B0 00000000 (          0.) OCTA  4

$READONLY$                      000041B0 000041CF 00000020 (         32.) OCTA  4   PIC,CON,REL,GBL,NOSHR,NOEXE,  WRT,NOVEC,  MOD 
                PCAPVCM         000041B0 000041BF 00000010 (         16.) OCTA  4
                VCMUTIL         000041C0 000041CF 00000010 (         16.) OCTA  4

EXEC$NONPAGED_DATA              000041D0 000041D0 00000000 (          0.) BYTE  0   PIC,CON,REL,GBL,NOSHR,NOEXE,  WRT,NOVEC,  MOD 

EXEC$INIT_000                   00008000 00008007 00000008 (          8.) LONG  2   PIC,CON,REL,GBL,NOSHR,  EXE,  WRT,NOVEC,  MOD 
                SYS$DOINIT      00008000 00008007 00000008 (          8.) LONG  2

EXEC$INIT_001                   00008008 0000800F 00000008 (          8.) LONG  2   PIC,CON,REL,GBL,NOSHR,  EXE,  WRT,NOVEC,  MOD 
                SYS$DOINIT      00008008 00008008 00000000 (          0.) LONG  2
                PCAPVCM         00008008 0000800F 00000008 (          8.) LONG  2

EXEC$INIT_002                   00008010 00008013 00000004 (          4.) LONG  2   PIC,CON,REL,GBL,NOSHR,  EXE,  WRT,NOVEC,  MOD 

DKA100:[SIMH.PCAP-VMS.PCAPVCM]PCAPVCM.EXE;3                      6-NOV-2003 18:00        Linker A12-03                    Page    4


Psect Name      Module Name       Base     End           Length            Align                 Attributes
----------      -----------       ----     ---           ------            -----                 ----------
EXEC$INIT_002                   00008010 00008013 00000004 (          4.) LONG  2   PIC,CON,REL,GBL,NOSHR,  EXE,  WRT,NOVEC,  MOD   
                SYS$DOINIT      00008010 00008013 00000004 (          4.) LONG  2

EXEC$INIT_CODE                  00008020 000081E3 000001C4 (        452.) 2 **  5   PIC,CON,REL,GBL,NOSHR,  EXE,  WRT,NOVEC,  MOD 
                SYS$DOINIT      00008020 000081E3 000001C4 (        452.) 2 **  5

EXEC$INIT_LINKAGE               00008200 0000826F 00000070 (        112.) 2 **  5   PIC,CON,REL,GBL,NOSHR,  EXE,  WRT,NOVEC,  MOD 
                SYS$DOINIT      00008200 0000826F 00000070 (        112.) 2 **  5

EXEC$INIT_SSTBL_000             00008270 00008270 00000000 (          0.) LONG  2   PIC,CON,REL,GBL,NOSHR,  EXE,  WRT,NOVEC,  MOD 
                SYS$DOINIT      00008270 00008270 00000000 (          0.) LONG  2

EXEC$INIT_SSTBL_001             00008270 00008270 00000000 (          0.) LONG  2   PIC,CON,REL,GBL,NOSHR,  EXE,  WRT,NOVEC,  MOD 
                SYS$DOINIT      00008270 00008270 00000000 (          0.) LONG  2

EXEC$INIT_SSTBL_002             00008270 00008273 00000004 (          4.) LONG  2   PIC,CON,REL,GBL,NOSHR,  EXE,  WRT,NOVEC,  MOD 
                SYS$DOINIT      00008270 00008273 00000004 (          4.) LONG  2

EXEC$NONPAGED_LINKAGE           0000C000 0000C41F 00000420 (       1056.) OCTA  4 NOPIC,CON,REL,LCL,NOSHR,NOEXE,NOWRT,NOVEC,  MOD 
                PCAPVCM         0000C000 0000C41F 00000420 (       1056.) OCTA  4

. BLANK .                       00010000 00010000 00000000 (          0.) OCTA  4 NOPIC,CON,REL,LCL,NOSHR,  EXE,  WRT,NOVEC,  MOD 
                SYS$DOINIT      00010000 00010000 00000000 (          0.) OCTA  4
                SYS$SSDEF       00010000 00010000 00000000 (          0.) OCTA  4
                PCAPVCM_INIT    00010000 00010000 00000000 (          0.) OCTA  4
                VCI_JACKET      00010000 00010000 00000000 (          0.) OCTA  4

EXEC$INIT_SSTBL_002PIC          00010000 00010000 00000000 (          0.) BYTE  0 NOPIC,CON,REL,GBL,NOSHR,  EXE,  WRT,NOVEC,  MOD 

EXEC$NONPAGED_CODE              00010000 00011223 00001224 (       4644.) OCTA  4   PIC,CON,REL,LCL,  SHR,  EXE,NOWRT,NOVEC,  MOD 
                PCAPVCM         00010000 00011223 00001224 (       4644.) OCTA  4

$GLOBAL$                        00014000 00014000 00000000 (          0.) OCTA  4 NOPIC,CON,REL,LCL,NOSHR,NOEXE,  WRT,NOVEC,NOMOD 
                BUGCHECK_CODES  00014000 00014000 00000000 (          0.) OCTA  4

$INITIAL$                       00014000 00014000 00000000 (          0.) OCTA  4 NOPIC,CON,REL,LCL,NOSHR,NOEXE,NOWRT,NOVEC,NOMOD 
                BUGCHECK_CODES  00014000 00014000 00000000 (          0.) OCTA  4

$OWN$                           00014000 00014000 00000000 (          0.) OCTA  4 NOPIC,CON,REL,LCL,NOSHR,NOEXE,  WRT,NOVEC,NOMOD 
                BUGCHECK_CODES  00014000 00014000 00000000 (          0.) OCTA  4

$PLIT$                          00014000 00014000 00000000 (          0.) OCTA  4 NOPIC,CON,REL,LCL,NOSHR,NOEXE,NOWRT,NOVEC,NOMOD 
                BUGCHECK_CODES  00014000 00014000 00000000 (          0.) OCTA  4

$READONLY_ADDR$                 00014000 00014000 00000000 (          0.) OCTA  4   PIC,CON,REL,LCL,NOSHR,NOEXE,NOWRT,NOVEC,NOMOD 
                PCAPVCM         00014000 00014000 00000000 (          0.) OCTA  4
                VCMUTIL         00014000 00014000 00000000 (          0.) OCTA  4

DKA100:[SIMH.PCAP-VMS.PCAPVCM]PCAPVCM.EXE;3                      6-NOV-2003 18:00        Linker A12-03                    Page    5

                                                +-----------------+
                                                ! Symbols By Name !
                                                +-----------------+

Symbol                          Value       Symbol                          Value       Symbol                          Value       
------                          -----       ------                          -----       ------                          -----       
ADD_COUNTED_VALUE               00004068-R                                              BUG$_CHMVEC                     000004D8    
ADD_INT_VALUE                   00004088-R                                              BUG$_CIPORT                     00000558    
ADD_LIL_ADDR_VALUE              00004098-R                                              BUG$_CLUEXIT                    000005D8    
ADD_LIL_ITEM                    00004030-R                                              BUG$_CLUSWVER                   000006F8    
BUG$_ACCVIOKSTK                 00000610                                                BUG$_CNXMGRERR                  000005A8    
BUG$_ACCVIOMCHK                 00000608                                                BUG$_CONSOLRX50                 00000628    
BUG$_ACPMBFAIL                  00000008                                                BUG$_CONTRACT                   000000C0    
BUG$_ACPRECURS                  000004A0                                                BUG$_CORRUPTEMB                 000008A8    
BUG$_ACPUNSTAK                  000004A8                                                BUG$_CPUBUSYWAIT                00000778    
BUG$_ACPVAFAIL                  00000010                                                BUG$_CPUCEASED                  000005D0    
BUG$_ALCPHD                     00000018                                                BUG$_CPUEXIT                    000006A8    
BUG$_ALCSMBCLR                  00000020                                                BUG$_CPUNOTPRIMARY              000007B0    
BUG$_APTREFHIGH                 00000028                                                BUG$_CPUSANITY                  00000770    
BUG$_APTWRTERR                  00000030                                                BUG$_CPUSPINWAIT                00000788    
BUG$_ASSERTFAIL                 000009D8                                                BUG$_CSLBUG                     00000858    
BUG$_ASYNCWRTER                 00000038                                                BUG$_CTERM                      00000660    
BUG$_BADALORQSZ                 00000040                                                BUG$_CTRLERR                    00000990    
BUG$_BADBITMAPID                00000580                                                BUG$_CUSTOMER                   000008E0    
BUG$_BADBOOTCB                  000000F0                                                BUG$_CWLNMERR                   00000A48    
BUG$_BADBUFADR                  00000048                                                BUG$_CWSERR                     00000688    
BUG$_BADBUFTYP                  00000050                                                BUG$_DBLERR                     000000C8    
BUG$_BADDALRQSZ                 00000058                                                BUG$_DCBCNTRBAD                 00000888    
BUG$_BADDOP                     00000568                                                BUG$_DDTMBUG                    00000848    
BUG$_BADFID                     00000060                                                BUG$_DEBUGCRASH                 00000960    
BUG$_BADFILEHDR                 00000928                                                BUG$_DECNET                     000008D0    
BUG$_BADFORKIPL                 00000068                                                BUG$_DECPTREF                   000000D0    
BUG$_BADHOMEBLK                 00000910                                                BUG$_DECWINDOWS                 00000840    
BUG$_BADINDEXHDR                00000918                                                BUG$_DELCONPFN                  000000D8    
BUG$_BADLCKWSLE                 00000070                                                BUG$_DELGBLSEC                  000000E0    
BUG$_BADMCKCOD                  00000078                                                BUG$_DELGBLWCB                  000000E8    
BUG$_BADPAGFILA                 00000080                                                BUG$_DELWSLEX                   000000F8    
BUG$_BADPAGFILD                 00000088                                                BUG$_DEQSUBLCKS                 000004F0    
BUG$_BADPAGTYPE                 00000090                                                BUG$_DIRENTRY                   00000100    
BUG$_BADPPFLREFCNT              00000750                                                BUG$_DISKCLASS                  00000550    
BUG$_BADPRCPGFLC                00000758                                                BUG$_DISKSERVE                  00000790    
BUG$_BADPRCPGFLX                00000748                                                BUG$_DOUBLDALOC                 00000108    
BUG$_BADQHDR                    00000478                                                BUG$_DOUBLDEALO                 00000110    
BUG$_BADROOTHDR                 00000920                                                BUG$_DSSIPORT                   00000838    
BUG$_BADRSEIPL                  00000098                                                BUG$_DUPCLASS                   00000680    
BUG$_BADRTPRI                   00000718                                                BUG$_ERRCACHFUL                 000004B8    
BUG$_BADRVNWCB                  000004B0                                                BUG$_ERRHALT                    00000118    
BUG$_BADSBMBLK                  000000A0                                                BUG$_EXHFUL                     00000120    
BUG$_BADSETFUNC                 00000880                                                BUG$_EXPANDPHD                  00000128    
BUG$_BADSWPPAG                  000000A8                                                BUG$_EXTCACHIV                  000004C0    
BUG$_BADVECTOR                  00000700                                                BUG$_F64ERR                     000009E8    
BUG$_BADWCBPT                   000000B0                                                BUG$_FATALEXCPT                 00000130    
BUG$_BDPPURGERR                 00000488                                                BUG$_FATMEMERR                  000007A0    
BUG$_BRDMSGLOST                 00000490                                                BUG$_FILCNTNONZ                 000004E0    
BUG$_CHMONIS                    000000B8                                                BUG$_FREEPAGREF                 00000138    

DKA100:[SIMH.PCAP-VMS.PCAPVCM]PCAPVCM.EXE;3                      6-NOV-2003 18:00        Linker A12-03                    Page    6


Symbol                          Value       Symbol                          Value       Symbol                          Value       
------                          -----       ------                          -----       ------                          -----       
BUG$_FREWSLX                    00000140                                                BUG$_IVGBLTYP                   000001E8    
BUG$_GBLPAGSZRO                 00000148                                                BUG$_IVLISTK                    000001F0    
BUG$_GBLWSLXERR                 00000150                                                BUG$_IVSSRVRQST                 000001F8    
BUG$_GFX_INVTB                  000008B8                                                BUG$_IVWSETLIST                 00000200    
BUG$_GLXALLNODES                00000A50                                                BUG$_KRNLSTAKNV                 00000208    
BUG$_GLXCRASH                   00000A90                                                BUG$_KRPEMPTY                   00000630    
BUG$_GLXFATAL                   00000A58                                                BUG$_L1PTNOTMAP                 00000940    
BUG$_GLXRMTMCHK                 00000AA0                                                BUG$_L1PTNOTUNMAP               00000948    
BUG$_GLXRMTPFN                  00000A68                                                BUG$_L2PTNOTUNMAP               00000950    
BUG$_GLXSHUTSHMEM               00000A88                                                BUG$_LASTBUG                    00000AC8    
BUG$_GPGNULPGFL                 00000158                                                BUG$_LFSERR                     000009F0    
BUG$_HALT                       00000160                                                BUG$_LICENSERR                  000007B8    
BUG$_HDRNOTMAP                  00000168                                                BUG$_LKBGRANTED                 00000520    
BUG$_ICONCLUDAT                 00000640                                                BUG$_LKBREFNEG                  000004F8    
BUG$_ICONPFNDAT                 00000170                                                BUG$_LOCKMGRERR                 000005A0    
BUG$_ICPAGELOC                  00000178                                                BUG$_LOGFAIL                    00000860    
BUG$_IFREPAGCNT                 00000180                                                BUG$_MACHINECHK                 00000210    
BUG$_ILLEVTNUM                  00000188                                                BUG$_MAKEWSLE                   00000218    
BUG$_ILLQBUSCFG                 00000720                                                BUG$_MAPCNTZER                  000004C8    
BUG$_ILLVEC                     00000190                                                BUG$_MBACBHUNG                  00000498    
BUG$_INCONMMGST                 00000908                                                BUG$_MCHECKPAL                  00000A18    
BUG$_INCONSTATE                 00000198                                                BUG$_MCHKMCHK                   00000810    
BUG$_INCON_CONSOLE              00000958                                                BUG$_MCHKSTKNV                  00000818    
BUG$_INCON_SCHED                00000388                                                BUG$_MC_FORCEDCRASH             00000A20    
BUG$_INCON_SHELL                00000900                                                BUG$_MC_INCONSTATE              00000A28    
BUG$_INCPTREF                   000001A0                                                BUG$_MFYNULPGFL                 00000228    
BUG$_INSFLOCKID                 00000658                                                BUG$_MODRELNBAK                 00000220    
BUG$_INSFPOOL                   00000650                                                BUG$_MPCPUCEASED                00000678    
BUG$_INSF_NONPAGED              00000A08                                                BUG$_MPWALCIRP                  00000230    
BUG$_INSF_PAGED                 00000A60                                                BUG$_MSCPCLASS                  00000638    
BUG$_INSNFREPAG                 000001A8                                                BUG$_MSCPSERV                   00000618    
BUG$_INSSWPFIL                  000001B0                                                BUG$_MTXCNTNONZ                 00000238    
BUG$_INSWAPERR                  000001B8                                                BUG$_MTXRELERR                  00000AA8    
BUG$_INVCHAN                    000001C0                                                BUG$_MULDEALNPAG                000007E8    
BUG$_INVCTERMMSG                00000898                                                BUG$_NETDLLERR                  000007C8    
BUG$_INVEXCEPTN                 000001C8                                                BUG$_NETECLERR                  000007D8    
BUG$_INVLOCKID                  000005B8                                                BUG$_NETNOBUF                   00000240    
BUG$_INVPFLMAP                  00000828                                                BUG$_NETNOSTATE                 00000248    
BUG$_INVPFN                     00000A70                                                BUG$_NETRCVPKT                  00000250    
BUG$_INVPTBR                    00000978                                                BUG$_NETRTGERR                  000007D0    
BUG$_INVPTEFMT                  000001D0                                                BUG$_NETSESERR                  000007E0    
BUG$_INVRSPID                   00000530                                                BUG$_NETSYSSRV                  00000258    
BUG$_INVSCBB                    00000970                                                BUG$_NETTRANCNT                 00000260    
BUG$_INVSECURESTATE             00000A38                                                BUG$_NOACPCHAN                  00000268    
BUG$_INVTQEFMT                  000001D8                                                BUG$_NOACPMAIL                  00000270    
BUG$_INV_MAPREG_PAR             00000968                                                BUG$_NOAQBACP                   00000278    
BUG$_IOMACHINECHK               00000998                                                BUG$_NOBUFPCKT                  00000280    
BUG$_IOMBXERR                   00000980                                                BUG$_NOBVPVCB                   00000288    
BUG$_IPCBUG                     00000850                                                BUG$_NOCALLTRANS                000009A0    
BUG$_IVBAKADIO                  000001E0                                                BUG$_NOCONSBUFF                 000007C0    
BUG$_IVBYTEALGN                 00000600                                                BUG$_NODEFFONT                  00000560    
BUG$_IVDSKCONFG                 00000668                                                BUG$_NOMULTBK                   00000290    

DKA100:[SIMH.PCAP-VMS.PCAPVCM]PCAPVCM.EXE;3                      6-NOV-2003 18:00        Linker A12-03                    Page    7


Symbol                          Value       Symbol                          Value       Symbol                          Value       
------                          -----       ------                          -----       ------                          -----       
BUG$_NONEXSTACP                 00000298                                                BUG$_REMOTE_AGENT               000008D8    
BUG$_NOPRCPGFL                  00000768                                                BUG$_RESEXH                     00000620    
BUG$_NORCVBUF                   000002A0                                                BUG$_RMSBUG                     000003A0    
BUG$_NOSUCHFILE                 00000930                                                BUG$_RMS_INCONSTATE             00000A98    
BUG$_NOTDDBDDB                  000002A8                                                BUG$_RSBREFNEG                  00000500    
BUG$_NOTFCBFCB                  000002B0                                                BUG$_RSBREFNZRO                 00000508    
BUG$_NOTFCBWCB                  000002B8                                                BUG$_RSVD_ISV                   000008E8    
BUG$_NOTFCPWCB                  000002C0                                                BUG$_RSVD_LP                    000008F0    
BUG$_NOTIDLE                    00000890                                                BUG$_RUF                        00000590    
BUG$_NOTIRPAQB                  000002C8                                                BUG$_SBIAERROR                  000005C0    
BUG$_NOTLKB                     00000528                                                BUG$_SCANDEADPT                 000003A8    
BUG$_NOTMTLMTL                  000002D0                                                BUG$_SCBRDERR                   00000510    
BUG$_NOTPCB                     000002D8                                                BUG$_SCSERROR                   00000AC0    
BUG$_NOTPSBIRP                  00000A40                                                BUG$_SCSIPORT                   000008A0    
BUG$_NOTRVTVCB                  000002E0                                                BUG$_SECAUDERR                  00000830    
BUG$_NOTSYSVA                   00000738                                                BUG$_SECAUDEXH                  000007F8    
BUG$_NOTUCBIRP                  000002E8                                                BUG$_SECAUDTCB                  000009C0    
BUG$_NOTUCBRVT                  000002F0                                                BUG$_SECIPLHIGH                 000009C8    
BUG$_NOTUCBUCB                  000002F8                                                BUG$_SECOSRERR                  000009A8    
BUG$_NOTUCBWCB                  000004D0                                                BUG$_SECREFNEG                  000003B0    
BUG$_NOTVCBUCB                  00000300                                                BUG$_SECURITY1                  00000800    
BUG$_NOTVVPVCB                  00000308                                                BUG$_SECURITY2                  00000808    
BUG$_NOTWCBIRP                  00000310                                                BUG$_SEPPUCLU                   00000AB0    
BUG$_NOTWCBWCB                  00000540                                                BUG$_SEQ_NUM_OVF                000008F8    
BUG$_NOUSRWCS                   00000318                                                BUG$_SHADBOOTFAIL               000008C8    
BUG$_NSABLOST                   000009B8                                                BUG$_SHADDETINCON               000008B0    
BUG$_OPERATOR                   00000470                                                BUG$_SHADZEROMBR                00000A10    
BUG$_OPERCRASH                  00000648                                                BUG$_SHRCNTNEG                  000003B8    
BUG$_OUTOFSYNC                  000005F8                                                BUG$_SMCIPORT                   00000A80    
BUG$_OUTSWPERR                  00000320                                                BUG$_SPLACQERR                  000006B0    
BUG$_PAGEREDERR                 00000328                                                BUG$_SPLINVIPL                  000006E0    
BUG$_PAGEWRTERR                 00000330                                                BUG$_SPLIPLHIGH                 000006D0    
BUG$_PAGNTRNVAL                 00000338                                                BUG$_SPLIPLLOW                  000006C8    
BUG$_PFLREFNEG                  00000760                                                BUG$_SPLNOTMAP                  000006E8    
BUG$_PFNFIXUP                   00000710                                                BUG$_SPLNOTSPL                  000006D8    
BUG$_PFNLISTCNT                 00000340                                                BUG$_SPLRELERR                  000006B8    
BUG$_PFNREFNZRO                 00000348                                                BUG$_SPLRSTERR                  000006C0    
BUG$_PGFGBLBAD                  00000350                                                BUG$_SSRVEXCEPT                 000003C0    
BUG$_PGFIPLHI                   00000358                                                BUG$_SSVECFULL                  00000708    
BUG$_PGFLOCBAD                  00000360                                                BUG$_STATENTSVD                 00000518    
BUG$_PM_VMSPORT                 00000A30                                                BUG$_STRNOTWCB                  000003C8    
BUG$_POOLCHECK                  00000780                                                BUG$_SWAPWSLE                   000003D0    
BUG$_POSIXBUG                   00000988                                                BUG$_SYSADJWSL                  000003D8    
BUG$_POWEROFF                   00000A78                                                BUG$_SYSAPLERR                  000009D0    
BUG$_PPGFLVANEG                 000007F0                                                BUG$_SYSTRMERR                  000003E0    
BUG$_PROCGONE                   00000368                                                BUG$_TAPECLASS                  00000598    
BUG$_PTELENVIOL                 00000370                                                BUG$_TESTING123                 00000AB8    
BUG$_PTRCNT                     00000378                                                BUG$_TIPCUFLOW                  000003E8    
BUG$_PURGWSSCN                  00000380                                                BUG$_TMSCPSERV                  000009E0    
BUG$_RDSNONRES                  00000390                                                BUG$_TOOMANYUIDS                000008C0    
BUG$_REFCNTNEG                  00000398                                                BUG$_TTDRVR                     00000740    
BUG$_REGCORDET                  000009B0                                                BUG$_TTDRVR1                    000007A8    

DKA100:[SIMH.PCAP-VMS.PCAPVCM]PCAPVCM.EXE;3                      6-NOV-2003 18:00        Linker A12-03                    Page    8


Symbol                          Value       Symbol                          Value       Symbol                          Value       
------                          -----       ------                          -----       ------                          -----       
BUG$_UBMAPEXCED                 000003F0                                                INIT_TRANSMIT_VCRP              0000C080-R  
BUG$_UCODEREV                   00000670                                                INIT_VCIB                       0000C000-R  
BUG$_UDAPORT                    00000548                                                INIVEC$PCAP$VCM_INIT            00008008-R  
BUG$_UNABLCREVA                 000003F8                                                MMG$GL_PAGE_SIZE                000094E0-RX 
BUG$_UNABLCREVM                 00000938                                                MMG$GL_SPTBASE                  00009820-RX 
BUG$_UNEXPIOINT                 00000400                                                MMG$GQ_LEVEL_WIDTH              0000CE90-RX 
BUG$_UNKNPRQ                    00000480                                                MMG$GQ_PT_BASE                  0000CF20-RX 
BUG$_UNKRSTRT                   00000408                                                MMG$GQ_S0S1BASE_PTE_ADDRESS     0000CF40-RX 
BUG$_UNSUPRTCPU                 000005E0                                                MMG$GQ_VA_BITS                  0000CF90-RX 
BUG$_UNXINTEXC                  00000410                                                MMG_STD$ALLOC_SYSTEM_VA_MAP     0000D8D0-RX 
BUG$_UNXSIGNAL                  00000418                                                MMG_STD$DEALLOC_SVA             0000BD80-RX 
BUG$_VAXCLUSTER                 00000798                                                NET$AR_LAN_VECTOR               000090A0-RX 
BUG$_VAXPORT                    000006F0                                                OTS$MOVE                        00006E50-RX 
BUG$_VBNMAPFAIL                 00000420                                                OTS$ZERO                        00006FC0-RX 
BUG$_VMSTESTERR                 00000868                                                PCAP$VCM_ALLOC_PORT             0000C2A0-R  
BUG$_VPERR                      00000878                                                PCAP$VCM_BUILD_HEADER           0000C040-R  
BUG$_VPIPLHIGH                  00000870                                                PCAP$VCM_CREATE_PORT            0000C200-R  
BUG$_VWS1                       00000588                                                PCAP$VCM_DELETE_PORT            0000C1D0-R  
BUG$_VWS2                       000005E8                                                PCAP$VCM_DISABLE_PORT           0000C178-R  
BUG$_VWS3                       000005F0                                                PCAP$VCM_ENABLE_PORT            0000C1B0-R  
BUG$_VWS4                       00000690                                                PCAP$VCM_FREE_PORT              0000C270-R  
BUG$_VWS5                       00000698                                                PCAP$VCM_GETDEVICE              0000C240-R  
BUG$_VWS6                       000006A0                                                PCAP$VCM_GET_CONTEXT            0000C2D0-R  
BUG$_VWSNONPOOL                 00000570                                                PCAP$VCM_GET_LAST_ERROR         0000C148-R  
BUG$_VWSNOPPOOL                 00000578                                                PCAP$VCM_GET_MGM_ERROR          0000C158-R  
BUG$_WACKQEMPTY                 00000428                                                PCAP$VCM_GET_STATISTICS         0000C030-R  
BUG$_WATCHPOINT                 00000728                                                PCAP$VCM_INIT                   0000C3B0-R  
BUG$_WCBFCBMNG                  00000538                                                PCAP$VCM_READ_PACKET            0000C108-R  
BUG$_WCSCORR                    000005C8                                                PCAP$VCM_SEND_PACKET            0000C090-R  
BUG$_WPDRVRERR                  00000730                                                PCAP$VCM_UNLOAD                 0000C330-R  
BUG$_WRONGPRIMARY               00000820                                                PCAP_EVENT                      0000C2E0-R  
BUG$_WRTINVBUF                  00000430                                                PCAP_MGMCOMPL                   0000C310-R  
BUG$_WRTINVHDR                  00000438                                                PCAP_RXCOMPL                    0000C2F0-R  
BUG$_WRTPGSBAK                  00000440                                                PCAP_TXCOMPL                    0000C320-R  
BUG$_WSLENOVAL                  00000448                                                SMP$AL_IPLVEC                   00008B30-RX 
BUG$_WSLPAGCNT                  00000450                                                SMP$GL_FLAGS                    00008420-RX 
BUG$_WSLVANVAL                  00000458                                                SMP_STD$ACQUIRE                 00006B30-RX 
BUG$_WSLXVANMAT                 00000460                                                SMP_STD$RESTORE                 00006B70-RX 
BUG$_WSSIZEERR                  000004E8                                                SYS$K_VERSION                   00000000-X  
BUG$_XFSCERR                    000009F8                                                SYS$K_VERSION_01                00000010-X  
BUG$_XFSSERR                    00000A00                                                SYS$K_VERSION_02                00000020-X  
BUG$_XQPERR                     000005B0                                                SYS$K_VERSION_03                00000030-X  
BUG$_ZEROPAGE                   00000468                                                SYS$K_VERSION_04                00000040-X  
EXE$ALLOCATE_POOL               0000E9B0-RX                                             SYS$K_VERSION_05                00000050-X  
EXE$CONNECT_SERVICES            000029C0-RX                                             SYS$K_VERSION_06                00000060-X  
EXE$DEALLOCATE_POOL             0000E9C0-RX                                             SYS$K_VERSION_07                00000070-X  
EXE$GL_STATE                    00009900-RX                                             SYS$K_VERSION_08                00000080-X  
FIND_VALUE                      00004058-R                                              SYS$K_VERSION_09                00000090-X  
INI$A_BUILD_TABLE               00008270-R                                              SYS$K_VERSION_10                000000A0-X  
INI$A_VECTOR_TABLE              00008000-R                                              SYS$K_VERSION_11                000000B0-X  
INI$SYSTEM_SERVICE              00008228-R                                              SYS$K_VERSION_12                000000C0-X  
INIT_MGMT_VCRP                  0000C168-R                                              SYS$K_VERSION_13                000000D0-X  

DKA100:[SIMH.PCAP-VMS.PCAPVCM]PCAPVCM.EXE;3                      6-NOV-2003 18:00        Linker A12-03                    Page    9


Symbol                          Value       Symbol                          Value       Symbol                          Value       
------                          -----       ------                          -----       ------                          -----       
SYS$K_VERSION_14                000000E0-X                                              
SYS$K_VERSION_15                000000F0-X                                              
SYS$K_VERSION_16                00000100-X                                              
SYS$K_VERSION_17                0000A6F0-X                                              
SYS$K_VERSION_18                0000A700-X                                              
SYS$K_VERSION_19                0000FF20-X                                              
VCI_BUILD_HEADER                00004188-R                                              
VCI_CREATE_PORT                 000040E8-R                                              
VCI_DELETE_PORT                 00004108-R                                              
VCI_DELETE_VCRP                 00004148-R                                              
VCI_GET_DEVICE                  000040C0-R                                              
VCI_MGMT_PORT                   00004128-R                                              
VCI_TRANSMIT_FRAME              00004168-R                                              

DKA100:[SIMH.PCAP-VMS.PCAPVCM]PCAPVCM.EXE;3                      6-NOV-2003 18:00        Linker A12-03                    Page   10

                                                +------------------+
                                                ! Symbols By Value !
                                                +------------------+

Value                                   Symbols...
-----                                   ----------
00000000      X-SYS$K_VERSION              
00000008        BUG$_ACPMBFAIL             
00000010        BUG$_ACPVAFAIL                X-SYS$K_VERSION_01           
00000018        BUG$_ALCPHD                
00000020        BUG$_ALCSMBCLR                X-SYS$K_VERSION_02           
00000028        BUG$_APTREFHIGH            
00000030        BUG$_APTWRTERR                X-SYS$K_VERSION_03           
00000038        BUG$_ASYNCWRTER            
00000040        BUG$_BADALORQSZ               X-SYS$K_VERSION_04           
00000048        BUG$_BADBUFADR             
00000050        BUG$_BADBUFTYP                X-SYS$K_VERSION_05           
00000058        BUG$_BADDALRQSZ            
00000060        BUG$_BADFID                   X-SYS$K_VERSION_06           
00000068        BUG$_BADFORKIPL            
00000070        BUG$_BADLCKWSLE               X-SYS$K_VERSION_07           
00000078        BUG$_BADMCKCOD             
00000080        BUG$_BADPAGFILA               X-SYS$K_VERSION_08           
00000088        BUG$_BADPAGFILD            
00000090        BUG$_BADPAGTYPE               X-SYS$K_VERSION_09           
00000098        BUG$_BADRSEIPL             
000000A0        BUG$_BADSBMBLK                X-SYS$K_VERSION_10           
000000A8        BUG$_BADSWPPAG             
000000B0        BUG$_BADWCBPT                 X-SYS$K_VERSION_11           
000000B8        BUG$_CHMONIS               
000000C0        BUG$_CONTRACT                 X-SYS$K_VERSION_12           
000000C8        BUG$_DBLERR                
000000D0        BUG$_DECPTREF                 X-SYS$K_VERSION_13           
000000D8        BUG$_DELCONPFN             
000000E0        BUG$_DELGBLSEC                X-SYS$K_VERSION_14           
000000E8        BUG$_DELGBLWCB             
000000F0        BUG$_BADBOOTCB                X-SYS$K_VERSION_15           
000000F8        BUG$_DELWSLEX              
00000100        BUG$_DIRENTRY                 X-SYS$K_VERSION_16           
00000108        BUG$_DOUBLDALOC            
00000110        BUG$_DOUBLDEALO            
00000118        BUG$_ERRHALT               
00000120        BUG$_EXHFUL                
00000128        BUG$_EXPANDPHD             
00000130        BUG$_FATALEXCPT            
00000138        BUG$_FREEPAGREF            
00000140        BUG$_FREWSLX               
00000148        BUG$_GBLPAGSZRO            
00000150        BUG$_GBLWSLXERR            
00000158        BUG$_GPGNULPGFL            
00000160        BUG$_HALT                  
00000168        BUG$_HDRNOTMAP             
00000170        BUG$_ICONPFNDAT            
00000178        BUG$_ICPAGELOC             
00000180        BUG$_IFREPAGCNT            

DKA100:[SIMH.PCAP-VMS.PCAPVCM]PCAPVCM.EXE;3                      6-NOV-2003 18:00        Linker A12-03                    Page   11


Value                                   Symbols...
-----                                   ----------
00000188        BUG$_ILLEVTNUM             
00000190        BUG$_ILLVEC                
00000198        BUG$_INCONSTATE            
000001A0        BUG$_INCPTREF              
000001A8        BUG$_INSNFREPAG            
000001B0        BUG$_INSSWPFIL             
000001B8        BUG$_INSWAPERR             
000001C0        BUG$_INVCHAN               
000001C8        BUG$_INVEXCEPTN            
000001D0        BUG$_INVPTEFMT             
000001D8        BUG$_INVTQEFMT             
000001E0        BUG$_IVBAKADIO             
000001E8        BUG$_IVGBLTYP              
000001F0        BUG$_IVLISTK               
000001F8        BUG$_IVSSRVRQST            
00000200        BUG$_IVWSETLIST            
00000208        BUG$_KRNLSTAKNV            
00000210        BUG$_MACHINECHK            
00000218        BUG$_MAKEWSLE              
00000220        BUG$_MODRELNBAK            
00000228        BUG$_MFYNULPGFL            
00000230        BUG$_MPWALCIRP             
00000238        BUG$_MTXCNTNONZ            
00000240        BUG$_NETNOBUF              
00000248        BUG$_NETNOSTATE            
00000250        BUG$_NETRCVPKT             
00000258        BUG$_NETSYSSRV             
00000260        BUG$_NETTRANCNT            
00000268        BUG$_NOACPCHAN             
00000270        BUG$_NOACPMAIL             
00000278        BUG$_NOAQBACP              
00000280        BUG$_NOBUFPCKT             
00000288        BUG$_NOBVPVCB              
00000290        BUG$_NOMULTBK              
00000298        BUG$_NONEXSTACP            
000002A0        BUG$_NORCVBUF              
000002A8        BUG$_NOTDDBDDB             
000002B0        BUG$_NOTFCBFCB             
000002B8        BUG$_NOTFCBWCB             
000002C0        BUG$_NOTFCPWCB             
000002C8        BUG$_NOTIRPAQB             
000002D0        BUG$_NOTMTLMTL             
000002D8        BUG$_NOTPCB                
000002E0        BUG$_NOTRVTVCB             
000002E8        BUG$_NOTUCBIRP             
000002F0        BUG$_NOTUCBRVT             
000002F8        BUG$_NOTUCBUCB             
00000300        BUG$_NOTVCBUCB             
00000308        BUG$_NOTVVPVCB             
00000310        BUG$_NOTWCBIRP             
00000318        BUG$_NOUSRWCS              
00000320        BUG$_OUTSWPERR             

DKA100:[SIMH.PCAP-VMS.PCAPVCM]PCAPVCM.EXE;3                      6-NOV-2003 18:00        Linker A12-03                    Page   12


Value                                   Symbols...
-----                                   ----------
00000328        BUG$_PAGEREDERR            
00000330        BUG$_PAGEWRTERR            
00000338        BUG$_PAGNTRNVAL            
00000340        BUG$_PFNLISTCNT            
00000348        BUG$_PFNREFNZRO            
00000350        BUG$_PGFGBLBAD             
00000358        BUG$_PGFIPLHI              
00000360        BUG$_PGFLOCBAD             
00000368        BUG$_PROCGONE              
00000370        BUG$_PTELENVIOL            
00000378        BUG$_PTRCNT                
00000380        BUG$_PURGWSSCN             
00000388        BUG$_INCON_SCHED           
00000390        BUG$_RDSNONRES             
00000398        BUG$_REFCNTNEG             
000003A0        BUG$_RMSBUG                
000003A8        BUG$_SCANDEADPT            
000003B0        BUG$_SECREFNEG             
000003B8        BUG$_SHRCNTNEG             
000003C0        BUG$_SSRVEXCEPT            
000003C8        BUG$_STRNOTWCB             
000003D0        BUG$_SWAPWSLE              
000003D8        BUG$_SYSADJWSL             
000003E0        BUG$_SYSTRMERR             
000003E8        BUG$_TIPCUFLOW             
000003F0        BUG$_UBMAPEXCED            
000003F8        BUG$_UNABLCREVA            
00000400        BUG$_UNEXPIOINT            
00000408        BUG$_UNKRSTRT              
00000410        BUG$_UNXINTEXC             
00000418        BUG$_UNXSIGNAL             
00000420        BUG$_VBNMAPFAIL            
00000428        BUG$_WACKQEMPTY            
00000430        BUG$_WRTINVBUF             
00000438        BUG$_WRTINVHDR             
00000440        BUG$_WRTPGSBAK             
00000448        BUG$_WSLENOVAL             
00000450        BUG$_WSLPAGCNT             
00000458        BUG$_WSLVANVAL             
00000460        BUG$_WSLXVANMAT            
00000468        BUG$_ZEROPAGE              
00000470        BUG$_OPERATOR              
00000478        BUG$_BADQHDR               
00000480        BUG$_UNKNPRQ               
00000488        BUG$_BDPPURGERR            
00000490        BUG$_BRDMSGLOST            
00000498        BUG$_MBACBHUNG             
000004A0        BUG$_ACPRECURS             
000004A8        BUG$_ACPUNSTAK             
000004B0        BUG$_BADRVNWCB             
000004B8        BUG$_ERRCACHFUL            
000004C0        BUG$_EXTCACHIV             

DKA100:[SIMH.PCAP-VMS.PCAPVCM]PCAPVCM.EXE;3                      6-NOV-2003 18:00        Linker A12-03                    Page   13


Value                                   Symbols...
-----                                   ----------
000004C8        BUG$_MAPCNTZER             
000004D0        BUG$_NOTUCBWCB             
000004D8        BUG$_CHMVEC                
000004E0        BUG$_FILCNTNONZ            
000004E8        BUG$_WSSIZEERR             
000004F0        BUG$_DEQSUBLCKS            
000004F8        BUG$_LKBREFNEG             
00000500        BUG$_RSBREFNEG             
00000508        BUG$_RSBREFNZRO            
00000510        BUG$_SCBRDERR              
00000518        BUG$_STATENTSVD            
00000520        BUG$_LKBGRANTED            
00000528        BUG$_NOTLKB                
00000530        BUG$_INVRSPID              
00000538        BUG$_WCBFCBMNG             
00000540        BUG$_NOTWCBWCB             
00000548        BUG$_UDAPORT               
00000550        BUG$_DISKCLASS             
00000558        BUG$_CIPORT                
00000560        BUG$_NODEFFONT             
00000568        BUG$_BADDOP                
00000570        BUG$_VWSNONPOOL            
00000578        BUG$_VWSNOPPOOL            
00000580        BUG$_BADBITMAPID           
00000588        BUG$_VWS1                  
00000590        BUG$_RUF                   
00000598        BUG$_TAPECLASS             
000005A0        BUG$_LOCKMGRERR            
000005A8        BUG$_CNXMGRERR             
000005B0        BUG$_XQPERR                
000005B8        BUG$_INVLOCKID             
000005C0        BUG$_SBIAERROR             
000005C8        BUG$_WCSCORR               
000005D0        BUG$_CPUCEASED             
000005D8        BUG$_CLUEXIT               
000005E0        BUG$_UNSUPRTCPU            
000005E8        BUG$_VWS2                  
000005F0        BUG$_VWS3                  
000005F8        BUG$_OUTOFSYNC             
00000600        BUG$_IVBYTEALGN            
00000608        BUG$_ACCVIOMCHK            
00000610        BUG$_ACCVIOKSTK            
00000618        BUG$_MSCPSERV              
00000620        BUG$_RESEXH                
00000628        BUG$_CONSOLRX50            
00000630        BUG$_KRPEMPTY              
00000638        BUG$_MSCPCLASS             
00000640        BUG$_ICONCLUDAT            
00000648        BUG$_OPERCRASH             
00000650        BUG$_INSFPOOL              
00000658        BUG$_INSFLOCKID            
00000660        BUG$_CTERM                 

DKA100:[SIMH.PCAP-VMS.PCAPVCM]PCAPVCM.EXE;3                      6-NOV-2003 18:00        Linker A12-03                    Page   14


Value                                   Symbols...
-----                                   ----------
00000668        BUG$_IVDSKCONFG            
00000670        BUG$_UCODEREV              
00000678        BUG$_MPCPUCEASED           
00000680        BUG$_DUPCLASS              
00000688        BUG$_CWSERR                
00000690        BUG$_VWS4                  
00000698        BUG$_VWS5                  
000006A0        BUG$_VWS6                  
000006A8        BUG$_CPUEXIT               
000006B0        BUG$_SPLACQERR             
000006B8        BUG$_SPLRELERR             
000006C0        BUG$_SPLRSTERR             
000006C8        BUG$_SPLIPLLOW             
000006D0        BUG$_SPLIPLHIGH            
000006D8        BUG$_SPLNOTSPL             
000006E0        BUG$_SPLINVIPL             
000006E8        BUG$_SPLNOTMAP             
000006F0        BUG$_VAXPORT               
000006F8        BUG$_CLUSWVER              
00000700        BUG$_BADVECTOR             
00000708        BUG$_SSVECFULL             
00000710        BUG$_PFNFIXUP              
00000718        BUG$_BADRTPRI              
00000720        BUG$_ILLQBUSCFG            
00000728        BUG$_WATCHPOINT            
00000730        BUG$_WPDRVRERR             
00000738        BUG$_NOTSYSVA              
00000740        BUG$_TTDRVR                
00000748        BUG$_BADPRCPGFLX           
00000750        BUG$_BADPPFLREFCNT         
00000758        BUG$_BADPRCPGFLC           
00000760        BUG$_PFLREFNEG             
00000768        BUG$_NOPRCPGFL             
00000770        BUG$_CPUSANITY             
00000778        BUG$_CPUBUSYWAIT           
00000780        BUG$_POOLCHECK             
00000788        BUG$_CPUSPINWAIT           
00000790        BUG$_DISKSERVE             
00000798        BUG$_VAXCLUSTER            
000007A0        BUG$_FATMEMERR             
000007A8        BUG$_TTDRVR1               
000007B0        BUG$_CPUNOTPRIMARY         
000007B8        BUG$_LICENSERR             
000007C0        BUG$_NOCONSBUFF            
000007C8        BUG$_NETDLLERR             
000007D0        BUG$_NETRTGERR             
000007D8        BUG$_NETECLERR             
000007E0        BUG$_NETSESERR             
000007E8        BUG$_MULDEALNPAG           
000007F0        BUG$_PPGFLVANEG            
000007F8        BUG$_SECAUDEXH             
00000800        BUG$_SECURITY1             

DKA100:[SIMH.PCAP-VMS.PCAPVCM]PCAPVCM.EXE;3                      6-NOV-2003 18:00        Linker A12-03                    Page   15


Value                                   Symbols...
-----                                   ----------
00000808        BUG$_SECURITY2             
00000810        BUG$_MCHKMCHK              
00000818        BUG$_MCHKSTKNV             
00000820        BUG$_WRONGPRIMARY          
00000828        BUG$_INVPFLMAP             
00000830        BUG$_SECAUDERR             
00000838        BUG$_DSSIPORT              
00000840        BUG$_DECWINDOWS            
00000848        BUG$_DDTMBUG               
00000850        BUG$_IPCBUG                
00000858        BUG$_CSLBUG                
00000860        BUG$_LOGFAIL               
00000868        BUG$_VMSTESTERR            
00000870        BUG$_VPIPLHIGH             
00000878        BUG$_VPERR                 
00000880        BUG$_BADSETFUNC            
00000888        BUG$_DCBCNTRBAD            
00000890        BUG$_NOTIDLE               
00000898        BUG$_INVCTERMMSG           
000008A0        BUG$_SCSIPORT              
000008A8        BUG$_CORRUPTEMB            
000008B0        BUG$_SHADDETINCON          
000008B8        BUG$_GFX_INVTB             
000008C0        BUG$_TOOMANYUIDS           
000008C8        BUG$_SHADBOOTFAIL          
000008D0        BUG$_DECNET                
000008D8        BUG$_REMOTE_AGENT          
000008E0        BUG$_CUSTOMER              
000008E8        BUG$_RSVD_ISV              
000008F0        BUG$_RSVD_LP               
000008F8        BUG$_SEQ_NUM_OVF           
00000900        BUG$_INCON_SHELL           
00000908        BUG$_INCONMMGST            
00000910        BUG$_BADHOMEBLK            
00000918        BUG$_BADINDEXHDR           
00000920        BUG$_BADROOTHDR            
00000928        BUG$_BADFILEHDR            
00000930        BUG$_NOSUCHFILE            
00000938        BUG$_UNABLCREVM            
00000940        BUG$_L1PTNOTMAP            
00000948        BUG$_L1PTNOTUNMAP          
00000950        BUG$_L2PTNOTUNMAP          
00000958        BUG$_INCON_CONSOLE         
00000960        BUG$_DEBUGCRASH            
00000968        BUG$_INV_MAPREG_PAR        
00000970        BUG$_INVSCBB               
00000978        BUG$_INVPTBR               
00000980        BUG$_IOMBXERR              
00000988        BUG$_POSIXBUG              
00000990        BUG$_CTRLERR               
00000998        BUG$_IOMACHINECHK          
000009A0        BUG$_NOCALLTRANS           

DKA100:[SIMH.PCAP-VMS.PCAPVCM]PCAPVCM.EXE;3                      6-NOV-2003 18:00        Linker A12-03                    Page   16


Value                                   Symbols...
-----                                   ----------
000009A8        BUG$_SECOSRERR             
000009B0        BUG$_REGCORDET             
000009B8        BUG$_NSABLOST              
000009C0        BUG$_SECAUDTCB             
000009C8        BUG$_SECIPLHIGH            
000009D0        BUG$_SYSAPLERR             
000009D8        BUG$_ASSERTFAIL            
000009E0        BUG$_TMSCPSERV             
000009E8        BUG$_F64ERR                
000009F0        BUG$_LFSERR                
000009F8        BUG$_XFSCERR               
00000A00        BUG$_XFSSERR               
00000A08        BUG$_INSF_NONPAGED         
00000A10        BUG$_SHADZEROMBR           
00000A18        BUG$_MCHECKPAL             
00000A20        BUG$_MC_FORCEDCRASH        
00000A28        BUG$_MC_INCONSTATE         
00000A30        BUG$_PM_VMSPORT            
00000A38        BUG$_INVSECURESTATE        
00000A40        BUG$_NOTPSBIRP             
00000A48        BUG$_CWLNMERR              
00000A50        BUG$_GLXALLNODES           
00000A58        BUG$_GLXFATAL              
00000A60        BUG$_INSF_PAGED            
00000A68        BUG$_GLXRMTPFN             
00000A70        BUG$_INVPFN                
00000A78        BUG$_POWEROFF              
00000A80        BUG$_SMCIPORT              
00000A88        BUG$_GLXSHUTSHMEM          
00000A90        BUG$_GLXCRASH              
00000A98        BUG$_RMS_INCONSTATE        
00000AA0        BUG$_GLXRMTMCHK            
00000AA8        BUG$_MTXRELERR             
00000AB0        BUG$_SEPPUCLU              
00000AB8        BUG$_TESTING123            
00000AC0        BUG$_SCSERROR              
00000AC8        BUG$_LASTBUG               
000029C0     RX-EXE$CONNECT_SERVICES       
00004030      R-ADD_LIL_ITEM               
00004058      R-FIND_VALUE                 
00004068      R-ADD_COUNTED_VALUE          
00004088      R-ADD_INT_VALUE              
00004098      R-ADD_LIL_ADDR_VALUE         
000040C0      R-VCI_GET_DEVICE             
000040E8      R-VCI_CREATE_PORT            
00004108      R-VCI_DELETE_PORT            
00004128      R-VCI_MGMT_PORT              
00004148      R-VCI_DELETE_VCRP            
00004168      R-VCI_TRANSMIT_FRAME         
00004188      R-VCI_BUILD_HEADER           
00006B30     RX-SMP_STD$ACQUIRE            
00006B70     RX-SMP_STD$RESTORE            

DKA100:[SIMH.PCAP-VMS.PCAPVCM]PCAPVCM.EXE;3                      6-NOV-2003 18:00        Linker A12-03                    Page   17


Value                                   Symbols...
-----                                   ----------
00006E50     RX-OTS$MOVE                   
00006FC0     RX-OTS$ZERO                   
00008000      R-INI$A_VECTOR_TABLE         
00008008      R-INIVEC$PCAP$VCM_INIT       
00008228      R-INI$SYSTEM_SERVICE         
00008270      R-INI$A_BUILD_TABLE          
00008420     RX-SMP$GL_FLAGS               
00008B30     RX-SMP$AL_IPLVEC              
000090A0     RX-NET$AR_LAN_VECTOR          
000094E0     RX-MMG$GL_PAGE_SIZE           
00009820     RX-MMG$GL_SPTBASE             
00009900     RX-EXE$GL_STATE               
0000A6F0      X-SYS$K_VERSION_17           
0000A700      X-SYS$K_VERSION_18           
0000BD80     RX-MMG_STD$DEALLOC_SVA        
0000C000      R-INIT_VCIB                  
0000C030      R-PCAP$VCM_GET_STATISTICS    
0000C040      R-PCAP$VCM_BUILD_HEADER      
0000C080      R-INIT_TRANSMIT_VCRP         
0000C090      R-PCAP$VCM_SEND_PACKET       
0000C108      R-PCAP$VCM_READ_PACKET       
0000C148      R-PCAP$VCM_GET_LAST_ERROR    
0000C158      R-PCAP$VCM_GET_MGM_ERROR     
0000C168      R-INIT_MGMT_VCRP             
0000C178      R-PCAP$VCM_DISABLE_PORT      
0000C1B0      R-PCAP$VCM_ENABLE_PORT       
0000C1D0      R-PCAP$VCM_DELETE_PORT       
0000C200      R-PCAP$VCM_CREATE_PORT       
0000C240      R-PCAP$VCM_GETDEVICE         
0000C270      R-PCAP$VCM_FREE_PORT         
0000C2A0      R-PCAP$VCM_ALLOC_PORT        
0000C2D0      R-PCAP$VCM_GET_CONTEXT       
0000C2E0      R-PCAP_EVENT                 
0000C2F0      R-PCAP_RXCOMPL               
0000C310      R-PCAP_MGMCOMPL              
0000C320      R-PCAP_TXCOMPL               
0000C330      R-PCAP$VCM_UNLOAD            
0000C3B0      R-PCAP$VCM_INIT              
0000CE90     RX-MMG$GQ_LEVEL_WIDTH         
0000CF20     RX-MMG$GQ_PT_BASE             
0000CF40     RX-MMG$GQ_S0S1BASE_PTE_ADDRESS
0000CF90     RX-MMG$GQ_VA_BITS             
0000D8D0     RX-MMG_STD$ALLOC_SYSTEM_VA_MAP
0000E9B0     RX-EXE$ALLOCATE_POOL          
0000E9C0     RX-EXE$DEALLOCATE_POOL        
0000FF20      X-SYS$K_VERSION_19           

DKA100:[SIMH.PCAP-VMS.PCAPVCM]PCAPVCM.EXE;3                      6-NOV-2003 18:00        Linker A12-03                    Page   18


Value                                   Symbols...
-----                                   ----------




	  Key for special characters above:
		+--------------------+
		! *  - Undefined     !
		! A  - Alias Name    !
		! I  - Internal Name !
		! U  - Universal     !
		! R  - Relocatable   !
		! X  - External      !
		! WK - Weak          !
		! V  - Vectored      !
		! M  - Mask value    !
		+--------------------+

DKA100:[SIMH.PCAP-VMS.PCAPVCM]PCAPVCM.EXE;3                      6-NOV-2003 18:00        Linker A12-03                    Page   19

                                                 +----------------+
                                                 ! Image Synopsis !
                                                 +----------------+

Virtual memory allocated:                         00000000 00017FFF 00018000 (98304. bytes, 192. pages)
Stack size:                                              0. pages
Image header virtual block limits:                       1.        2. (    2. blocks)
Image binary virtual block limits:                       3.       24. (   22. blocks)
Image name and identification:                    PCAPVCM X-3
System component mask:                             0004A432
	SYS$K_VERSION_MEMORY_MANAGEMENT                  3,0
	SYS$K_VERSION_PROCESS_SCHED                      2,0
	SYS$K_VERSION_SYSGEN                             1,64
	SYS$K_VERSION_NETWORKS                           1,64
	SYS$K_VERSION_MISC                               1,64
	SYS$K_VERSION_VOLATILE                           1,64
	SYS$K_VERSION_MULTI_PROCESSING                   1,0
Number of files:                                         4.
Number of modules:                                       8.
Number of program sections:                             29.
Number of global symbols:                              403.
Number of image sections:                                9.
User transfer address:                            00008200
Number of code references to shareable images:          39.
Image type:                                         PIC, SHAREABLE. Global Section Match=EQUAL, Ident, Major=8, Minor=1597651
Map format:                                       FULL in file DKA100:[SIMH.PCAP-VMS.PCAPVCM]PCAPVCM.MAP;4
Estimated map length:                             117. blocks
                                              +---------------------+
                                              ! Link Run Statistics !
                                              +---------------------+

Performance Indicators                            Page Faults	CPU Time	Elapsed Time
----------------------                            -----------	--------	------------
    Command processing:                                   125	00:00:00.10	00:00:00.19
    Pass 1:                                                33	00:00:00.22	00:00:00.29
    Allocation/Relocation:                                  4	00:00:00.01	00:00:00.12
    Pass 2:                                                 8	00:00:00.06	00:00:00.30
    Map data after object module synopsis:                  4	00:00:00.07	00:00:00.16
    Symbol table output:                                    1	00:00:00.01	00:00:00.08
Total run values:                                         175	00:00:00.47	00:00:01.17

Using a working set limited to 6800 pages and 2028 pages of data storage (excluding image)

Total number object records read (both passes):   796
    of which 164 were in libraries and 100 were DEBUG data records containing 41320 bytes

Number of modules extracted explicitly             = 7
    with 0 extracted to resolve undefined symbols

0 library searches were for symbols not in the library searched

A total of 4 global symbol table records was written

LINK/NOTRACE/NOUSERLIB/MAP=PCAPVCM/FULL/NOSYSLIB/NOSYSSHR/SHARE/NATIVEONLY/BPAGE=14/NOTRACEBACK/NODEMAND_ZERO/SECTION_BINDING/SYSEXE
=SELECTIVE/EXE=PCAPVCM.EXE SYS$INPUT/OPT

DKA100:[SIMH.PCAP-VMS.PCAPVCM]PCAPVCM.EXE;3                      6-NOV-2003 18:00        Linker A12-03                    Page   20


SYMBOL_TABLE=GLOBALS

!
vector_table = sys$share:sys$public_vectors.exe
!
! Ensure fixups are done before our initialization routines are called
!
ALPHA$LIBRARY:STARLET/INCLUDE=(SYS$DOINIT,SYS$SSDEF)
!
PCAPVCM$OBJ:PCAPVCM/INCLUDE=(PCAPVCM_INIT, PCAPVCM, VCI_JACKET, VCMUTIL)
SYS$LIBRARY:VMS$VOLATILE_PRIVATE_INTERFACES/INCLUDE=(BUGCHECK_CODES)
!
CASE_SENSITIVE=YES
!
! Mess up psect attributes, I'm slight;y rusty on this and have
! missed some... so do not try to unload the execlet => crash
!
PSECT_ATTR=$CODE,		PIC,CON,REL,GBL,NOSHR,  EXE,NOWRT,NOVEC,MOD
PSECT_ATTR=$CODE$,		PIC,CON,REL,GBL,NOSHR,  EXE,NOWRT,NOVEC,MOD
!
PSECT_ATTR=$$$100_DATA,		PIC,CON,REL,GBL,NOSHR,NOEXE,  WRT,NOVEC,MOD
PSECT_ATTR=$LINK$,		PIC,CON,REL,GBL,NOSHR,NOEXE,  WRT,NOVEC,MOD
PSECT_ATTR=$LINKAGE$,		PIC,CON,REL,GBL,NOSHR,NOEXE,  WRT,NOVEC,MOD
PSECT_ATTR=$LINKAGE,		PIC,CON,REL,GBL,NOSHR,NOEXE,  WRT,NOVEC,MOD
PSECT_ATTR=$DATA$,		PIC,CON,REL,GBL,NOSHR,NOEXE,  WRT,NOVEC,MOD
PSECT_ATTR=EXEC$NONPAGED_DATA,	PIC,CON,REL,GBL,NOSHR,NOEXE,  WRT,NOVEC,MOD
PSECT_ATTR=$LITERAL$,		PIC,CON,REL,GBL,NOSHR,NOEXE,  WRT,NOVEC,MOD
PSECT_ATTR=$READONLY$,		PIC,CON,REL,GBL,NOSHR,NOEXE,  WRT,NOVEC,MOD
PSECT_ATTR=$BSS$,		PIC,CON,REL,GBL,NOSHR,NOEXE,  WRT,NOVEC,MOD
!
PSECT_ATTR=EXEC$INIT_LINKAGE,	PIC,CON,REL,GBL,NOSHR,  EXE,  WRT,NOVEC,MOD
PSECT_ATTR=EXEC$INIT_000,	PIC,CON,REL,GBL,NOSHR,  EXE,  WRT,NOVEC,MOD
PSECT_ATTR=EXEC$INIT_001,	PIC,CON,REL,GBL,NOSHR,  EXE,  WRT,NOVEC,MOD
PSECT_ATTR=EXEC$INIT_002,	PIC,CON,REL,GBL,NOSHR,  EXE,  WRT,NOVEC,MOD
PSECT_ATTR=EXEC$INIT_CODE,	PIC,CON,REL,GBL,NOSHR,  EXE,  WRT,NOVEC,MOD
PSECT_ATTR=EXEC$INIT_SSTBL_000,	PIC,CON,REL,GBL,NOSHR,  EXE,  WRT,NOVEC,MOD
PSECT_ATTR=EXEC$INIT_SSTBL_001,	PIC,CON,REL,GBL,NOSHR,  EXE,  WRT,NOVEC,MOD
PSECT_ATTR=EXEC$INIT_SSTBL_002	PIC,CON,REL,GBL,NOSHR,  EXE,  WRT,NOVEC,MOD
!
! Collect all the psects into clusters
!
COLLECT=NONPAGED_CODE/ATTRIBUTES=RESIDENT,	$CODE, -
						$CODE$
COLLECT=NONPAGED_DATA/ATTRIBUTES=RESIDENT,	$$$100_DATA, -
						$LINK$, -
						$LINKAGE$, -
						$LINKAGE, -
						$DATA$, -
						$LITERAL$, -
						$READONLY$, -
						$BSS$, -
                                                EXEC$NONPAGED_DATA
COLLECT=INIT/ATTRIBUTES=INITIALIZATION_CODE,	EXEC$INIT_LINKAGE, -
						EXEC$INIT_000, -

DKA100:[SIMH.PCAP-VMS.PCAPVCM]PCAPVCM.EXE;3                      6-NOV-2003 18:00        Linker A12-03                    Page   21

						EXEC$INIT_001, -
						EXEC$INIT_002, -
						EXEC$INIT_CODE, -
						EXEC$INIT_SSTBL_000, -
						EXEC$INIT_SSTBL_001, -
						EXEC$INIT_SSTBL_002
